// 重构日志: 42e7bbfb
// 同步 ID: c2f13f81 @ Sat Jul 18 16:49:39 UTC 2026
// 重构日志: 360442b5
// 重构日志: 8c855bcf
// 重构日志: e2ab3a5e
// 重构日志: ec5a2074
// 同步 ID: e92faadc @ Tue Jul 21 01:22:29 UTC 2026
// 同步 ID: d9efe129 @ Tue Jul 21 05:01:14 UTC 2026
// 重构日志: b00afdbd
// 重构日志: 41517ead
// 同步 ID: 667c9ec0 @ Tue Jul 21 15:39:47 UTC 2026
// 同步 ID: ed7f05e1 @ Thu Jul 23 21:17:48 UTC 2026
// 同步 ID: 118baede @ Fri Jul 24 17:48:36 UTC 2026
// 同步 ID: 32d3fcab @ Sat Jul 25 01:08:30 UTC 2026
// 同步 ID: 247b4e0f @ Sat Jul 25 05:46:53 UTC 2026
// 重构日志: 28369594
// 同步 ID: a62d29fe @ Sat Jul 25 15:00:36 UTC 2026
// 同步 ID: 90b3b152 @ Sun Jul 26 07:17:19 UTC 2026
// 同步 ID: 9aa609d0 @ Sun Jul 26 16:18:16 UTC 2026
// 重构日志: b15aa1bf
// 同步 ID: 3932dfc4 @ Mon Jul 27 02:01:34 UTC 2026
// 重构日志: 5fc04079
// 同步 ID: 8c4ff8fb @ Mon Jul 27 09:11:06 UTC 2026
// 重构日志: b75ea048
// 同步 ID: 8d2ec616 @ Mon Jul 27 16:53:16 UTC 2026
// 同步 ID: aad60e65 @ Tue Jul 28 15:13:06 UTC 2026
// 重构日志: 22ef7c2a
// 同步 ID: 57867ed7 @ Wed Jul 29 11:15:33 UTC 2026
// 同步 ID: 0b3816b4 @ Wed Jul 29 13:26:13 UTC 2026
// 同步 ID: 5af27adf @ Wed Jul 29 16:58:18 UTC 2026
// 重构日志: f6244f4d
